// Vitest Snapshot v1, https://vitest.dev/guide/snapshot.html

exports[`getAppDetails > should return a SteamAppInfo object for a valid app ID 1`] = `
{
  "about_the_game": "BioShock is a shooter unlike any you've ever played, loaded with weapons and tactics never seen. You'll have a complete arsenal at your disposal from simple revolvers to grenade launchers and chemical throwers, but you'll also be forced to genetically modify your DNA to create an even more deadly weapon: you. Injectable plasmids give you super human powers: blast electrical currents into water to electrocute multiple enemies, or freeze them solid and obliterate them with the swing of a wrench.  <br>No encounter ever plays out the same, and no two gamers will play the game the same way.<br><br><ul class="bb_ul"><li>Biologically modify your body: send fire storming from your fingertips and unleash a swarm of killer hornets hatched from the veins in your arms.<br></li><li>Hack devices and systems, upgrade your weapons and craft new ammo variants.<br></li><li>Turn everything into a weapon: the environment, your body, fire and water, and even your worst enemies.<br></li><li>Explore an incredible and unique art deco world hidden deep under the ocean.</li></ul><h2 class="bb_tag">BioShock: Breaking the Mold</h2>A free download that takes an inside look at the art of BioShock.",
  "background": "https://store.akamai.steamstatic.com/images/storepagebackground/app/7670?t=1730172622",
  "background_raw": "https://store.akamai.steamstatic.com/images/storepagebackground/app/7670?t=1730172622",
  "capsule_image": "https://shared.akamai.steamstatic.com/store_item_assets/steam/apps/7670/capsule_231x87.jpg?t=1730172622",
  "capsule_imagev5": "https://shared.akamai.steamstatic.com/store_item_assets/steam/apps/7670/capsule_184x69.jpg?t=1730172622",
  "categories": [
    {
      "description": "Um jogador",
      "id": 2,
    },
    {
      "description": "Compat. parcial com controle",
      "id": 18,
    },
    {
      "description": "Compartilhamento em família",
      "id": 62,
    },
  ],
  "detailed_description": "BioShock is a shooter unlike any you've ever played, loaded with weapons and tactics never seen. You'll have a complete arsenal at your disposal from simple revolvers to grenade launchers and chemical throwers, but you'll also be forced to genetically modify your DNA to create an even more deadly weapon: you. Injectable plasmids give you super human powers: blast electrical currents into water to electrocute multiple enemies, or freeze them solid and obliterate them with the swing of a wrench.  <br>No encounter ever plays out the same, and no two gamers will play the game the same way.<br><br><ul class="bb_ul"><li>Biologically modify your body: send fire storming from your fingertips and unleash a swarm of killer hornets hatched from the veins in your arms.<br></li><li>Hack devices and systems, upgrade your weapons and craft new ammo variants.<br></li><li>Turn everything into a weapon: the environment, your body, fire and water, and even your worst enemies.<br></li><li>Explore an incredible and unique art deco world hidden deep under the ocean.</li></ul><h2 class="bb_tag">BioShock: Breaking the Mold</h2>A free download that takes an inside look at the art of BioShock.",
  "developers": [
    "2K Boston",
    "2K Australia",
  ],
  "genres": [
    {
      "description": "Ação",
      "id": "1",
    },
    {
      "description": "RPG",
      "id": "3",
    },
  ],
  "header_image": "https://shared.akamai.steamstatic.com/store_item_assets/steam/apps/7670/header.jpg?t=1730172622",
  "is_free": false,
  "metacritic": {
    "score": 96,
    "url": "https://www.metacritic.com/game/pc/bioshock?ftag=MCD-06-10aaa1f",
  },
  "name": "BioShock™",
  "platforms": {
    "linux": false,
    "mac": false,
    "windows": true,
  },
  "publishers": [
    "2K",
  ],
  "release_date": {
    "coming_soon": false,
    "date": "21/ago./2007",
  },
  "required_age": 0,
  "screenshots": [
    {
      "id": 0,
      "path_full": "https://shared.akamai.steamstatic.com/store_item_assets/steam/apps/7670/0000002508.1920x1080.jpg?t=1730172622",
      "path_thumbnail": "https://shared.akamai.steamstatic.com/store_item_assets/steam/apps/7670/0000002508.600x338.jpg?t=1730172622",
    },
    {
      "id": 1,
      "path_full": "https://shared.akamai.steamstatic.com/store_item_assets/steam/apps/7670/0000002509.1920x1080.jpg?t=1730172622",
      "path_thumbnail": "https://shared.akamai.steamstatic.com/store_item_assets/steam/apps/7670/0000002509.600x338.jpg?t=1730172622",
    },
    {
      "id": 2,
      "path_full": "https://shared.akamai.steamstatic.com/store_item_assets/steam/apps/7670/0000002510.1920x1080.jpg?t=1730172622",
      "path_thumbnail": "https://shared.akamai.steamstatic.com/store_item_assets/steam/apps/7670/0000002510.600x338.jpg?t=1730172622",
    },
    {
      "id": 3,
      "path_full": "https://shared.akamai.steamstatic.com/store_item_assets/steam/apps/7670/0000002511.1920x1080.jpg?t=1730172622",
      "path_thumbnail": "https://shared.akamai.steamstatic.com/store_item_assets/steam/apps/7670/0000002511.600x338.jpg?t=1730172622",
    },
    {
      "id": 4,
      "path_full": "https://shared.akamai.steamstatic.com/store_item_assets/steam/apps/7670/0000002512.1920x1080.jpg?t=1730172622",
      "path_thumbnail": "https://shared.akamai.steamstatic.com/store_item_assets/steam/apps/7670/0000002512.600x338.jpg?t=1730172622",
    },
    {
      "id": 5,
      "path_full": "https://shared.akamai.steamstatic.com/store_item_assets/steam/apps/7670/0000002513.1920x1080.jpg?t=1730172622",
      "path_thumbnail": "https://shared.akamai.steamstatic.com/store_item_assets/steam/apps/7670/0000002513.600x338.jpg?t=1730172622",
    },
    {
      "id": 6,
      "path_full": "https://shared.akamai.steamstatic.com/store_item_assets/steam/apps/7670/0000002514.1920x1080.jpg?t=1730172622",
      "path_thumbnail": "https://shared.akamai.steamstatic.com/store_item_assets/steam/apps/7670/0000002514.600x338.jpg?t=1730172622",
    },
    {
      "id": 7,
      "path_full": "https://shared.akamai.steamstatic.com/store_item_assets/steam/apps/7670/0000002515.1920x1080.jpg?t=1730172622",
      "path_thumbnail": "https://shared.akamai.steamstatic.com/store_item_assets/steam/apps/7670/0000002515.600x338.jpg?t=1730172622",
    },
    {
      "id": 8,
      "path_full": "https://shared.akamai.steamstatic.com/store_item_assets/steam/apps/7670/0000002517.1920x1080.jpg?t=1730172622",
      "path_thumbnail": "https://shared.akamai.steamstatic.com/store_item_assets/steam/apps/7670/0000002517.600x338.jpg?t=1730172622",
    },
  ],
  "short_description": "BioShock is a shooter unlike any you've ever played, loaded with weapons and tactics never seen. You'll have a complete arsenal at your disposal from simple revolvers to grenade launchers and chemical throwers, but you'll also be forced to genetically modify your DNA to create an even more deadly weapon: you.",
  "steam_appid": 7670,
  "type": "game",
  "website": "http://www.BioShockGame.com",
}
`;
